// Jest Snapshot v1, https://goo.gl/fbAQLP

exports[`#CalendarMonth should render correctly 1`] = `
<div
  className={undefined}
>
  <styled.span>
    February 2018
  </styled.span>
  <styled.div>
    <styled.span>
      Su
    </styled.span>
    <styled.span>
      Mo
    </styled.span>
    <styled.span>
      Tu
    </styled.span>
    <styled.span>
      We
    </styled.span>
    <styled.span>
      Th
    </styled.span>
    <styled.span>
      Fr
    </styled.span>
    <styled.span>
      Sa
    </styled.span>
  </styled.div>
  <styled.div>
    <styled.div>
      <CalendarDay
        classes={Object {}}
        colors={Object {}}
        isFuture={false}
        isHidden={true}
        isHovered={false}
        isPast={false}
        isSelected={false}
        number={28}
        onHover={[MockFunction]}
        selectDate={[MockFunction]}
        value={2018-01-27T23:00:00.000Z}
      />
      <CalendarDay
        classes={Object {}}
        colors={Object {}}
        isFuture={false}
        isHidden={true}
        isHovered={false}
        isPast={false}
        isSelected={false}
        number={29}
        onHover={[MockFunction]}
        selectDate={[MockFunction]}
        value={2018-01-28T23:00:00.000Z}
      />
      <CalendarDay
        classes={Object {}}
        colors={Object {}}
        isFuture={false}
        isHidden={true}
        isHovered={false}
        isPast={false}
        isSelected={false}
        number={30}
        onHover={[MockFunction]}
        selectDate={[MockFunction]}
        value={2018-01-29T23:00:00.000Z}
      />
      <CalendarDay
        classes={Object {}}
        colors={Object {}}
        isFuture={false}
        isHidden={true}
        isHovered={false}
        isPast={false}
        isSelected={false}
        number={31}
        onHover={[MockFunction]}
        selectDate={[MockFunction]}
        value={2018-01-30T23:00:00.000Z}
      />
      <CalendarDay
        classes={Object {}}
        colors={Object {}}
        isFuture={false}
        isHidden={false}
        isHovered={false}
        isPast={false}
        isSelected={false}
        number={1}
        onHover={[MockFunction]}
        selectDate={[MockFunction]}
        value={2018-01-31T23:00:00.000Z}
      />
      <CalendarDay
        classes={Object {}}
        colors={Object {}}
        isFuture={false}
        isHidden={false}
        isHovered={false}
        isPast={false}
        isSelected={false}
        number={2}
        onHover={[MockFunction]}
        selectDate={[MockFunction]}
        value={2018-02-01T23:00:00.000Z}
      />
      <CalendarDay
        classes={Object {}}
        colors={Object {}}
        isFuture={false}
        isHidden={false}
        isHovered={false}
        isPast={false}
        isSelected={false}
        number={3}
        onHover={[MockFunction]}
        selectDate={[MockFunction]}
        value={2018-02-02T23:00:00.000Z}
      />
    </styled.div>
    <styled.div>
      <CalendarDay
        classes={Object {}}
        colors={Object {}}
        isFuture={false}
        isHidden={false}
        isHovered={false}
        isPast={false}
        isSelected={false}
        number={4}
        onHover={[MockFunction]}
        selectDate={[MockFunction]}
        value={2018-02-03T23:00:00.000Z}
      />
      <CalendarDay
        classes={Object {}}
        colors={Object {}}
        isFuture={false}
        isHidden={false}
        isHovered={false}
        isPast={false}
        isSelected={false}
        number={5}
        onHover={[MockFunction]}
        selectDate={[MockFunction]}
        value={2018-02-04T23:00:00.000Z}
      />
      <CalendarDay
        classes={Object {}}
        colors={Object {}}
        isFuture={false}
        isHidden={false}
        isHovered={false}
        isPast={false}
        isSelected={false}
        number={6}
        onHover={[MockFunction]}
        selectDate={[MockFunction]}
        value={2018-02-05T23:00:00.000Z}
      />
      <CalendarDay
        classes={Object {}}
        colors={Object {}}
        isFuture={false}
        isHidden={false}
        isHovered={false}
        isPast={false}
        isSelected={false}
        number={7}
        onHover={[MockFunction]}
        selectDate={[MockFunction]}
        value={2018-02-06T23:00:00.000Z}
      />
      <CalendarDay
        classes={Object {}}
        colors={Object {}}
        isFuture={false}
        isHidden={false}
        isHovered={false}
        isPast={false}
        isSelected={false}
        number={8}
        onHover={[MockFunction]}
        selectDate={[MockFunction]}
        value={2018-02-07T23:00:00.000Z}
      />
      <CalendarDay
        classes={Object {}}
        colors={Object {}}
        isFuture={false}
        isHidden={false}
        isHovered={false}
        isPast={false}
        isSelected={false}
        number={9}
        onHover={[MockFunction]}
        selectDate={[MockFunction]}
        value={2018-02-08T23:00:00.000Z}
      />
      <CalendarDay
        classes={Object {}}
        colors={Object {}}
        isFuture={false}
        isHidden={false}
        isHovered={false}
        isPast={false}
        isSelected={false}
        number={10}
        onHover={[MockFunction]}
        selectDate={[MockFunction]}
        value={2018-02-09T23:00:00.000Z}
      />
    </styled.div>
    <styled.div>
      <CalendarDay
        classes={Object {}}
        colors={Object {}}
        isFuture={false}
        isHidden={false}
        isHovered={false}
        isPast={false}
        isSelected={false}
        number={11}
        onHover={[MockFunction]}
        selectDate={[MockFunction]}
        value={2018-02-10T23:00:00.000Z}
      />
      <CalendarDay
        classes={Object {}}
        colors={Object {}}
        isFuture={false}
        isHidden={false}
        isHovered={false}
        isPast={false}
        isSelected={false}
        number={12}
        onHover={[MockFunction]}
        selectDate={[MockFunction]}
        value={2018-02-11T23:00:00.000Z}
      />
      <CalendarDay
        classes={Object {}}
        colors={Object {}}
        isFuture={false}
        isHidden={false}
        isHovered={false}
        isPast={false}
        isSelected={false}
        number={13}
        onHover={[MockFunction]}
        selectDate={[MockFunction]}
        value={2018-02-12T23:00:00.000Z}
      />
      <CalendarDay
        classes={Object {}}
        colors={Object {}}
        isFuture={false}
        isHidden={false}
        isHovered={false}
        isPast={false}
        isSelected={false}
        number={14}
        onHover={[MockFunction]}
        selectDate={[MockFunction]}
        value={2018-02-13T23:00:00.000Z}
      />
      <CalendarDay
        classes={Object {}}
        colors={Object {}}
        isFuture={false}
        isHidden={false}
        isHovered={false}
        isPast={false}
        isSelected={false}
        number={15}
        onHover={[MockFunction]}
        selectDate={[MockFunction]}
        value={2018-02-14T23:00:00.000Z}
      />
      <CalendarDay
        classes={Object {}}
        colors={Object {}}
        isFuture={false}
        isHidden={false}
        isHovered={false}
        isPast={false}
        isSelected={false}
        number={16}
        onHover={[MockFunction]}
        selectDate={[MockFunction]}
        value={2018-02-15T23:00:00.000Z}
      />
      <CalendarDay
        classes={Object {}}
        colors={Object {}}
        isFuture={false}
        isHidden={false}
        isHovered={false}
        isPast={false}
        isSelected={false}
        number={17}
        onHover={[MockFunction]}
        selectDate={[MockFunction]}
        value={2018-02-16T23:00:00.000Z}
      />
    </styled.div>
    <styled.div>
      <CalendarDay
        classes={Object {}}
        colors={Object {}}
        isFuture={false}
        isHidden={false}
        isHovered={false}
        isPast={false}
        isSelected={false}
        number={18}
        onHover={[MockFunction]}
        selectDate={[MockFunction]}
        value={2018-02-17T23:00:00.000Z}
      />
      <CalendarDay
        classes={Object {}}
        colors={Object {}}
        isFuture={false}
        isHidden={false}
        isHovered={false}
        isPast={false}
        isSelected={false}
        number={19}
        onHover={[MockFunction]}
        selectDate={[MockFunction]}
        value={2018-02-18T23:00:00.000Z}
      />
      <CalendarDay
        classes={Object {}}
        colors={Object {}}
        isFuture={false}
        isHidden={false}
        isHovered={false}
        isPast={false}
        isSelected={false}
        number={20}
        onHover={[MockFunction]}
        selectDate={[MockFunction]}
        value={2018-02-19T23:00:00.000Z}
      />
      <CalendarDay
        classes={Object {}}
        colors={Object {}}
        isFuture={false}
        isHidden={false}
        isHovered={false}
        isPast={false}
        isSelected={false}
        number={21}
        onHover={[MockFunction]}
        selectDate={[MockFunction]}
        value={2018-02-20T23:00:00.000Z}
      />
      <CalendarDay
        classes={Object {}}
        colors={Object {}}
        isFuture={false}
        isHidden={false}
        isHovered={false}
        isPast={false}
        isSelected={false}
        number={22}
        onHover={[MockFunction]}
        selectDate={[MockFunction]}
        value={2018-02-21T23:00:00.000Z}
      />
      <CalendarDay
        classes={Object {}}
        colors={Object {}}
        isFuture={false}
        isHidden={false}
        isHovered={false}
        isPast={false}
        isSelected={false}
        number={23}
        onHover={[MockFunction]}
        selectDate={[MockFunction]}
        value={2018-02-22T23:00:00.000Z}
      />
      <CalendarDay
        classes={Object {}}
        colors={Object {}}
        isFuture={false}
        isHidden={false}
        isHovered={false}
        isPast={false}
        isSelected={false}
        number={24}
        onHover={[MockFunction]}
        selectDate={[MockFunction]}
        value={2018-02-23T23:00:00.000Z}
      />
    </styled.div>
    <styled.div>
      <CalendarDay
        classes={Object {}}
        colors={Object {}}
        isFuture={false}
        isHidden={false}
        isHovered={false}
        isPast={false}
        isSelected={false}
        number={25}
        onHover={[MockFunction]}
        selectDate={[MockFunction]}
        value={2018-02-24T23:00:00.000Z}
      />
      <CalendarDay
        classes={Object {}}
        colors={Object {}}
        isFuture={false}
        isHidden={false}
        isHovered={false}
        isPast={false}
        isSelected={false}
        number={26}
        onHover={[MockFunction]}
        selectDate={[MockFunction]}
        value={2018-02-25T23:00:00.000Z}
      />
      <CalendarDay
        classes={Object {}}
        colors={Object {}}
        isFuture={false}
        isHidden={false}
        isHovered={false}
        isPast={false}
        isSelected={false}
        number={27}
        onHover={[MockFunction]}
        selectDate={[MockFunction]}
        value={2018-02-26T23:00:00.000Z}
      />
      <CalendarDay
        classes={Object {}}
        colors={Object {}}
        isFuture={false}
        isHidden={false}
        isHovered={false}
        isPast={false}
        isSelected={false}
        number={28}
        onHover={[MockFunction]}
        selectDate={[MockFunction]}
        value={2018-02-27T23:00:00.000Z}
      />
    </styled.div>
  </styled.div>
</div>
`;
